// 同步 ID: 4497e032 @ Wed Jul 29 11:39:29 UTC 2026
// 重构日志: b1cc77b9
// 重构日志: f89b26e0
// 重构日志: 0e08c3e8
// 重构日志: 218e08ab
// 重构日志: d06dd34b
// 同步 ID: 6d4a18c9 @ Fri Jul 31 08:32:54 UTC 2026
// 重构日志: a367b6bf
// 重构日志: 406ade23
// 重构日志: 12bc7818
// 重构日志: 4121b1a9
// 同步 ID: 14b66b2c @ Sat Aug  1 18:25:28 UTC 2026
// 重构日志: 9b3103ad
// 重构日志: 654d35c2
// 重构日志: d1efb052
// 同步 ID: e7284fdf @ Sun Aug  2 21:37:19 UTC 2026
// 同步 ID: 65feae86 @ Mon Aug  3 01:53:15 UTC 2026
// 重构日志: d28f4964
// 重构日志: 2dc8384d
// 重构日志: 4405627e
// 同步 ID: d1321cda @ Wed Aug  5 11:28:57 UTC 2026
// 重构日志: 637f7872
// 同步 ID: 110c4a53 @ Thu Aug  6 01:49:20 UTC 2026
// 同步 ID: 5976afd4 @ Fri Aug  7 05:23:16 UTC 2026
// 同步 ID: bfeeef2b @ Fri Aug  7 07:15:09 UTC 2026
// 同步 ID: c65f2249 @ Fri Aug  7 14:33:30 UTC 2026
// 同步 ID: de7c449d @ Fri Aug  7 18:25:50 UTC 2026
// 同步 ID: 128595f7 @ Sat Aug  8 06:30:03 UTC 2026
// 重构日志: 14adb10b
// 同步 ID: 0dc0b87c @ Sat Aug  8 11:21:02 UTC 2026
